8314f:~/IBN/Monitor-stack$ docker compose up WARN[0000] The "MYSQL_ROOT_PASSWORD" 
variable is not set. Defaulting to a blank string. WARN[0000] The "MYSQL_DATABASE" variable is not set. 
Defaulting to a blank string. WARN[0000] The "MYSQL_USER" variable is not set. Defaulting to a blank string. 
WARN[0000] The "MYSQL_PASSWORD" variable is not set. Defaulting to a blank string. WARN[0000] The 
"GF_SECURITY_ADMIN_PASSWORD" variable is not set. Defaulting to a blank string. WARN[0000] The "DB_HOST" 
variable is not set. Defaulting to a blank string. WARN[0000] The "DB_NAME" variable is not set. Defaulting 
to a blank string. WARN[0000] The "DB_USER" variable is not set. Defaulting to a blank string. WARN[0000] The 
"DB_PASSWORD" variable is not set. Defaulting to a blank string. WARN[0000] The "APP_KEY" variable is not 
set. Defaulting to a blank string. WARN[0000] The "TZ" variable is not set. Defaulting to a blank string. 
WARN[0000] /home/daniel/IBN/Monitor-stack/docker-compose.yml: the attribute `version` is obsolete, it will be 
ignored, please remove it to avoid potential confusion [+] Running 8/8
 ✘ librenms Error failed to resolve reference "docker.io/prom/prometheus:2.52.0": docke...  0.8s ✘ memcached 
 Error failed to resolve reference "docker.io/prom/prometheus:2.52.0": dock...  0.8s ✘ node-exporter Error 
 failed to resolve reference "docker.io/prom/prometheus:2.52.0": ...  0.8s ✘ prometheus Error failed to 
 resolve reference "docker.io/prom/prometheus:2.52.0": doc...  0.8s ✔ cadvisor Pulled 0.5s ✘ redis Error 
 failed to resolve reference "docker.io/prom/prometheus:2.52.0": docker.i...  0.8s ✘ grafana Error failed to 
 resolve reference "docker.io/prom/prometheus:2.52.0": docker...  0.8s ✘ mariadb Error failed to resolve 
 reference "docker.io/prom/prometheus:2.52.0": docker...  0.8s
Error response from daemon: failed to resolve reference "docker.io/prom/prometheus:2.52.0": 
docker.io/prom/prometheus:2.52.0: not found



daniel@LIFEBOOK-U7511-d698314f:~/IBN/syslog-ng$ docker compose up WARN[0000] 
/home/daniel/IBN/syslog-ng/docker-compose.yml: the attribute `version` is obsolete, it will be ignored, 
please remove it to avoid potential confusion env file /home/daniel/IBN/syslog-ng/.env not found: stat 
/home/daniel/IBN/syslog-ng/.env: no such file or directory


failed parsing config: /etc/loki/local-config.yaml does not exist, set config.file for custom config path


level=error ts=2025-07-18T12:48:49.840642042Z caller=log.go:230 msg="error running loki" err="mkdir : no such 
file or directory\nerror creating index 
client\ngithub.com/grafana/loki/pkg/storage.(*store).storeForPeriod\n\t/src/loki/pkg/storage/store.go:295\ngithub.com/grafana/loki/pkg/storage.(*store).init\n\t/src/loki/pkg/storage/store.go:177\ngithub.com/grafana/loki/pkg/storage.NewStore\n\t/src/loki/pkg/storage/store.go:155\ngithub.com/grafana/loki/pkg/loki.(*Loki).initStore\n\t/src/loki/pkg/loki/modules.go:689\ngithub.com/grafana/dskit/modules.(*Manager).initModule\n\t/src/loki/vendor/github.com/grafana/dskit/modules/modules.go:136\ngithub.com/grafana/dskit/modules.(*Manager).InitModuleServices\n\t/src/loki/vendor/github.com/grafana/dskit/modules/modules.go:108\ngithub.com/grafana/loki/pkg/loki.(*Loki).Run\n\t/src/loki/pkg/loki/loki.go:461\nmain.main\n\t/src/loki/cmd/loki/main.go:110\nruntime.main\n\t/usr/local/go/src/runtime/proc.go:267\nruntime.goexit\n\t/usr/local/go/src/runtime/asm_amd64.s:1650\nerror 
initialising module: 
store\ngithub.com/grafana/dskit/modules.(*Manager).initModule\n\t/src/loki/vendor/github.com/grafana/dskit/modules/modules.go:138\ngithub.com/grafana/dskit/modules.(*Manager).InitModuleServices\n\t/src/loki/vendor/github.com/grafana/dskit/modules/modules.go:108\ngithub.com/grafana/loki/pkg/loki.(*Loki).Run\n\t/src/loki/pkg/loki/loki.go:461\nmain.main\n\t/src/loki/cmd/loki/main.go:110\nruntime.main\n\t/usr/local/go/src/runtime/proc.go:267\nruntime.goexit\n\t/usr/local/go/src/runtime/asm_amd64.s:1650" 
level=info ts=2025-07-18T12:49:03.152164192Z caller=main.go:108 msg="Starting Loki" version="(version=2.9.4, 
branch=HEAD, revision=f599ebc535)" mkdir : no such file or directory error creating index client 
github.com/grafana/loki/pkg/storage.(*store).storeForPeriod /src/loki/pkg/storage/store.go:295 
github.com/grafana/loki/pkg/storage.(*store).init /src/loki/pkg/storage/store.go:177 
github.com/grafana/loki/pkg/storage.NewStore /src/loki/pkg/storage/store.go:155 
github.com/grafana/loki/pkg/loki.(*Loki).initStore /src/loki/pkg/loki/modules.go:689 
github.com/grafana/dskit/modules.(*Manager).initModule 
/src/loki/vendor/github.com/grafana/dskit/modules/modules.go:136 
github.com/grafana/dskit/modules.(*Manager).InitModuleServices 
/src/loki/vendor/github.com/grafana/dskit/modules/modules.go:108 github.com/grafana/loki/pkg/loki.(*Loki).Run 
/src/loki/pkg/loki/loki.go:461 main.main /src/loki/cmd/loki/main.go:110 runtime.main 
/usr/local/go/src/runtime/proc.go:267 runtime.goexit /usr/local/go/src/runtime/asm_amd64.s:1650 error 
initialising module: store github.com/grafana/dskit/modules.(*Manager).initModule 
/src/loki/vendor/github.com/grafana/dskit/modules/modules.go:138 
github.com/grafana/dskit/modules.(*Manager).InitModuleServices 
/src/loki/vendor/github.com/grafana/dskit/modules/modules.go:108 github.com/grafana/loki/pkg/loki.(*Loki).Run 
/src/loki/pkg/loki/loki.go:461 main.main /src/loki/cmd/loki/main.go:110 runtime.main 
/usr/local/go/src/runtime/proc.go:267 runtime.goexit /usr/local/go/src/runtime/asm_amd64.s:1650 level=info 
ts=2025-07-18T12:49:03.246583324Z caller=server.go:322 http=[::]:3100 grpc=[::]:9095 msg="server listening on 
addresses"
level=info ts=2025-07-18T12:49:03.248133012Z caller=modules.go:932 msg="Ruler storage is not configured; ruler will not be started."







level=error ts=2025-07-18T12:57:25.583792516Z caller=log.go:230 msg="error running loki" err="mkdir : no such 
file or directory\nerror creating index 
client\ngithub.com/grafana/loki/pkg/storage.(*store).storeForPeriod\n\t/src/loki/pkg/storage/store.go:295\ngithub.com/grafana/loki/pkg/storage.(*store).init\n\t/src/loki/pkg/storage/store.go:177\ngithub.com/grafana/loki/pkg/storage.NewStore\n\t/src/loki/pkg/storage/store.go:155\ngithub.com/grafana/loki/pkg/loki.(*Loki).initStore\n\t/src/loki/pkg/loki/modules.go:689\ngithub.com/grafana/dskit/modules.(*Manager).initModule\n\t/src/loki/vendor/github.com/grafana/dskit/modules/modules.go:136\ngithub.com/grafana/dskit/modules.(*Manager).InitModuleServices\n\t/src/loki/vendor/github.com/grafana/dskit/modules/modules.go:108\ngithub.com/grafana/loki/pkg/loki.(*Loki).Run\n\t/src/loki/pkg/loki/loki.go:461\nmain.main\n\t/src/loki/cmd/loki/main.go:110\nruntime.main\n\t/usr/local/go/src/runtime/proc.go:267\nruntime.goexit\n\t/usr/local/go/src/runtime/asm_amd64.s:1650\nerror 
initialising module: 
store\ngithub.com/grafana/dskit/modules.(*Manager).initModule\n\t/src/loki/vendor/github.com/grafana/dskit/modules/modules.go:138\ngithub.com/grafana/dskit/modules.(*Manager).InitModuleServices\n\t/src/loki/vendor/github.com/grafana/dskit/modules/modules.go:108\ngithub.com/grafana/loki/pkg/loki.(*Loki).Run\n\t/src/loki/pkg/loki/loki.go:461\nmain.main\n\t/src/loki/cmd/loki/main.go:110\nruntime.main\n\t/usr/local/go/src/runtime/proc.go:267\nruntime.goexit\n\t/usr/local/go/src/runtime/asm_amd64.s:1650" 
evel=warn ts=2025-07-18T12:57:51.690739316Z caller=loki.go:288 msg="global timeout not configured, using 
default engine timeout (\"5m0s\"). This behavior will change in the next major to always use the default 
global timeout (\"5m\")." level=info ts=2025-07-18T12:57:51.693467755Z caller=main.go:108 msg="Starting Loki" 
version="(version=2.9.4, branch=HEAD, revision=f599ebc535)" level=info ts=2025-07-18T12:57:51.694637447Z 
caller=modules.go:932 msg="Ruler storage is not configured; ruler will not be started." level=info 
ts=2025-07-18T12:57:51.695932583Z caller=server.go:322 http=[::]:3100 grpc=[::]:9095 msg="server listening on 
addresses" mkdir : no such file or directory error creating index client 
github.com/grafana/loki/pkg/storage.(*store).storeForPeriod /src/loki/pkg/storage/store.go:295 
github.com/grafana/loki/pkg/storage.(*store).init /src/loki/pkg/storage/store.go:177 
github.com/grafana/loki/pkg/storage.NewStore /src/loki/pkg/storage/store.go:155 
github.com/grafana/loki/pkg/loki.(*Loki).initStore /src/loki/pkg/loki/modules.go:689 
github.com/grafana/dskit/modules.(*Manager).initModule 
/src/loki/vendor/github.com/grafana/dskit/modules/modules.go:136 
github.com/grafana/dskit/modules.(*Manager).InitModuleServices 
/src/loki/vendor/github.com/grafana/dskit/modules/modules.go:108 github.com/grafana/loki/pkg/loki.(*Loki).Run 
/src/loki/pkg/loki/loki.go:461 main.main /src/loki/cmd/loki/main.go:110
runtime.main


(HTTP code 500) server error - failed to create task for container: failed to create shim task: OCI runtime 
create failed: runc create failed: unable to start container process: error during container init: error 
mounting "/host_mnt/home/daniel/IBN/Monitor-stack/syslog-ng/logs" to rootfs at "/var/log/syslog-ng": create 
mountpoint for /var/log/syslog-ng mount: mkdirat 
/var/lib/docker/rootfs/overlayfs/c49398fa6b333a0c46cbddbf88530a20da9cb23fad154cb045914eed2ed6df6c/var/log/syslog-ng: 
read-only file system: unknown
1 second ago
